// Jest Snapshot v1, https://goo.gl/fbAQLP

exports[`Before script loads Should create a queue before script is loaded 1`] = `
[
  Arguments [
    "init",
    {
      "random": "random",
    },
  ],
]
`;
